00.img.avito.st
01.img.avito.st
02.img.avito.st
03.img.avito.st
04.img.avito.st
05.img.avito.st
06.img.avito.st
07.img.avito.st
08.img.avito.st
09.img.avito.st
1.0.0.0.0.0.0.0.0.0.0.0.0.0.0.0.0.0.0.0.0.0.0.0.0.0.0.0.0.0.0.0.ip6.arpa
10.img.avito.st
10.in-addr.arpa
100.100.in-addr.arpa
100.51.198.in-addr.arpa
101.100.in-addr.arpa
102.100.in-addr.arpa
103.100.in-addr.arpa
104.100.in-addr.arpa
105.100.in-addr.arpa
106.100.in-addr.arpa
107.100.in-addr.arpa
108.100.in-addr.arpa
109.100.in-addr.arpa
11.img.avito.st
110.100.in-addr.arpa
111.100.in-addr.arpa
112.100.in-addr.arpa
113.0.203.in-addr.arpa
113.100.in-addr.arpa
114.100.in-addr.arpa
115.100.in-addr.arpa
116.100.in-addr.arpa
117.100.in-addr.arpa
118.100.in-addr.arpa
119.100.in-addr.arpa
12.img.avito.st
120.100.in-addr.arpa
121.100.in-addr.arpa
122.100.in-addr.arpa
123.100.in-addr.arpa
124.100.in-addr.arpa
125.100.in-addr.arpa
126.100.in-addr.arpa
127.100.in-addr.arpa
127.in-addr.arpa
13.img.avito.st
14.img.avito.st
15.img.avito.st
16.172.in-addr.arpa
16.img.avito.st
168.192.in-addr.arpa
17.172.in-addr.arpa
17.img.avito.st
18.172.in-addr.arpa
18.img.avito.st
19.172.in-addr.arpa
19.img.avito.st
1917live.red
1l-api.mail.ru
1l-go.mail.ru
1l-hit.mail.ru
1l-hit.vkplay.ru
1l-s2s.mail.ru
1l-view.mail.ru
1l.mail.ru
1link.mail.ru
1prime.ru
2.0.192.in-addr.arpa
20.172.in-addr.arpa
20.img.avito.st
2018.mail.ru
2019.mail.ru
2020.mail.ru
2021.mail.ru
21-school.ru
21.172.in-addr.arpa
21.img.avito.st
22.172.in-addr.arpa
22.img.avito.st
23.172.in-addr.arpa
23.img.avito.st
23feb.mail.ru
24.172.in-addr.arpa
24.img.avito.st
24h.tv
25.172.in-addr.arpa
25.img.avito.st
254.169.in-addr.arpa
255.255.255.255.in-addr.arpa
26.172.in-addr.arpa
26.img.avito.st
27.172.in-addr.arpa
27.img.avito.st
28.172.in-addr.arpa
28.img.avito.st
29.172.in-addr.arpa
29.img.avito.st
2gis.ae
2gis.am
2gis.az
2gis.by
2gis.com
2gis.com.cy
2gis.cz
2gis.ge
2gis.kg
2gis.kz
2gis.ru
2gis.tech
2gis.tj
2gis.uz
2w.ru
30.172.in-addr.arpa
30.img.avito.st
300.ya.ru
31.172.in-addr.arpa
31.img.avito.st
32.img.avito.st
33.img.avito.st
34.img.avito.st
3475482542.mc.yandex.ru
35.img.avito.st
36.img.avito.st
37.img.avito.st
38.img.avito.st
39.img.avito.st
3dnews.ru
3ebra.net
40.img.avito.st
41.img.avito.st
42.img.avito.st
43.img.avito.st
44.img.avito.st
45.img.avito.st
46.img.avito.st
47.img.avito.st
48.img.avito.st
49.img.avito.st
4c.ru
4epenaxa.com
50.img.avito.st
51.img.avito.st
52.img.avito.st
53.img.avito.st
54.img.avito.st
55.img.avito.st
56.img.avito.st
57.img.avito.st
58.img.avito.st
59.img.avito.st
5ka.ru
5post.market
60.img.avito.st
61.img.avito.st
62.img.avito.st
63.img.avito.st
64.100.in-addr.arpa
64.img.avito.st
65.100.in-addr.arpa
65.img.avito.st
66.100.in-addr.arpa
66.img.avito.st
67.100.in-addr.arpa
67.img.avito.st
68.100.in-addr.arpa
68.img.avito.st
69.100.in-addr.arpa
69.img.avito.st
70.100.in-addr.arpa
70.img.avito.st
71.100.in-addr.arpa
71.img.avito.st
72.100.in-addr.arpa
72.img.avito.st
72.ru
73.100.in-addr.arpa
73.img.avito.st
74.100.in-addr.arpa
74.img.avito.st
742231.ms.ok.ru
75.100.in-addr.arpa
75.img.avito.st
76.100.in-addr.arpa
76.img.avito.st
77.100.in-addr.arpa
77.img.avito.st
78.100.in-addr.arpa
78.img.avito.st
79.100.in-addr.arpa
79.img.avito.st
8.b.d.0.1.0.0.2.ip6.arpa
8.e.f.ip6.arpa
80.100.in-addr.arpa
80.img.avito.st
81.100.in-addr.arpa
81.img.avito.st
82.100.in-addr.arpa
82.img.avito.st
83.100.in-addr.arpa
83.img.avito.st
84.100.in-addr.arpa
84.img.avito.st
85.100.in-addr.arpa
85.img.avito.st
86.100.in-addr.arpa
86.img.avito.st
87.100.in-addr.arpa
87.img.avito.st
88.100.in-addr.arpa
88.img.avito.st
89.100.in-addr.arpa
89.img.avito.st
8mar.mail.ru
8march.mail.ru
9.e.f.ip6.arpa
90.100.in-addr.arpa
90.img.avito.st
91.100.in-addr.arpa
91.img.avito.st
92.100.in-addr.arpa
92.img.avito.st
93.100.in-addr.arpa
93.img.avito.st
94.100.in-addr.arpa
94.img.avito.st
95.100.in-addr.arpa
95.img.avito.st
96.100.in-addr.arpa
96.img.avito.st
97.100.in-addr.arpa
97.img.avito.st
98.100.in-addr.arpa
98.img.avito.st
99.100.in-addr.arpa
99.img.avito.st
9may.mail.ru
a.auth-nsdi.ru
a.e.f.ip6.arpa
a.mts.ru
a.res-nsdi.ru
a.wb.ru
aa.mail.ru
abonementx5.ru
abr.ru
absolutbank.ru
accesspoint.uz
acmvid.com
activate.activation-v2.kaspersky.com
activation-v2.geo.kaspersky.com
activation-v2.kaspersky.com
actualidad-rt.com
ad-cdek.ru
ad.adriver.ru
ad.mail.ru
ad.ozone.ru
ad4.mail.ru
adblogger.vk.com
adblogger.vk.ru
adfox.ru
adfox.yandex.ru
adfstat.yandex.ru
adm.digital.gov.ru
adm.mp.rzd.ru
admetrica.ru
admin.cs7777.vk.ru
admin.tau.vk.ru
adriver.ru
ads-gate.wildberries.ru
ads-integration.rustore.ru
ads-media.wildberries.ru
ads.dahlmessenger.com
ads.icq.com
ads.rustore.ru
ads.sber.ru
ads.viqeo.tv
ads.vk.com
ads.vk.ru
ads.wildberries.ru
ads.x5.ru
ads.x5media.ru
ads.yandex
ads.yandex.com
ads.yandex.ru
ads.yango.com
adsadvisor.io
adsapp.dahlmessenger.com
adsapp.stage.telega.info
adsapp.telega.info
adsdk.yandex.ru
adv.ozon.ru
adv.rustore.ru
adv.vk.com
adv.vk.ru
adv.yandex.com
adv.yandex.ru
advert-api-sandbox.wb.ru
advert-api-sandbox.wildberries.ru
advert-api.wb.ru
advert-api.wildberries.ru
advert-media-api.wb.ru
advert-media-api.wildberries.ru
advk.vk.ru
adygeya.ru
adygtelecom.com
afisha.mail.ru
afisha.ru
agency-adv.ozon.ru
agent.mail.ru
ahilesva.info
aiesa.ru
akashi.vk-portal.net
akbars.ru
alefbank.com
alfa.me
alfabank.ru
alfabank.servicecdn.ru
alfabank.st
alfadirect.ru
algoritmika.org
alice.yandex.net
alice.yandex.ru
alicepro.yandex.ru
alpha3.minigames.mail.ru
alpha4.minigames.mail.ru
alt-ad.mail.ru
alt-r.my.com
altai.ru
altaiobr04.ru
amc.yandex.ru
amediateka.ru
amic.ru
amigo.mail.ru
ams2-cdn.2gis.com
amur.ru
an.mail.ru
an.yandex.ru
analytics-adv.ozon.ru
analytics-stage.wildberries.ru
analytics.mobile.yandex.net
analytics.predict.mail.ru
analytics.vk.com
analytics.vk.ru
analytics.wildberries.ru
ankb.ru
answer.mail.ru
answers.mail.ru
antiphishing.nl
antiphishing.ru
aodahl.com
api-eu.carrotquest.app
api-eu.carrotquest.io
api-js.mindbox.ru
api-maps.yandex.ru
api-ru.carrotquest.app
api-ru.carrotquest.io
api-ru.mindbox.cloud
api-secure.carrotquest.app
api-secure.carrottrack.app
api-staging.mindbox.ru
api.2gis.ru
api.a.mts.ru
api.apteka.ru
api.avito.ru
api.browser.yandex.com
api.browser.yandex.ru
api.carrotquest.app
api.carrotquest.io
api.carrottrack.app
api.cs7777.vk.ru
api.dashly.app
api.dashlytrack.app
api.events.plus.yandex.net
api.expf.ru
api.max.ru
api.mindbox.cloud
api.mindbox.ru
api.ok.ru
api.photo.2gis.com
api.plus.kinopoisk.ru
api.predict.mail.ru
api.reviews.2gis.com
api.s3.yandex.net
api.tau.vk.ru
api.uxfeedback.yandex.net
api.vk.ru
api2.ivi.ru
apiauto.ru
apiok.ru
appmetrica.yandex.com
appmetrica.yandex.net
appmetrica.yandex.ru
appmetrica.yango.com
apps.research.mail.ru
appsmail.ru
apptracer.ru
apptrackpets.com
apteka-april.ru
apteka.ru
aptekiplus.ru
arabicrt.ru
arctic.ru
arenda.yandex.ru
arkhangelsk.ru
armgs.team
artel.watch
arteldoc.com
arteldoc.tv
asia-pay.ru
asiangooglenetwork.com
astrakhan.ru
asusrouter.com
at.ua
atb.su
atomy.ru
atomyze.ru
atomyze.tech
attachmail.ru
attachmy.com
auchan.ru
audiohead.ru
authdl.mail.ru
auto.mail.ru
auto.ru
autodiscover.corp.mail.ru
autodiscover.ord.ozon.ru
autokreditbank.ru
autoru.me
av.mail.ru
av.ru
avangard.ru
avatars.mds.yandex.com
avatars.mds.yandex.net
aversbank.ru
aviasales.com
aviasales.ru
avito.ru
avito.st
avs.io
avto.ru
avtovokzaly.ru
aw.mail.ru
away.cs7777.vk.ru
away.tau.vk.ru
azbukainterneta.ru
azt.mail.ru
b.auth-nsdi.ru
b.e.f.ip6.arpa
b.res-nsdi.ru
b17.ru
b2.mail.ru
b2c-digest.ru
b37mrtl.ru
babki.ru
baltnews.com
baltnews.lt
bananacall.ru
bank-arzamas.ru
bank-credit-suisse-moscow.ru
bank.ozon.ru
bank131.com
bankermak.ru
banki.ru
bankline.ru
banners-website.wildberries.ru
baranky.com
bargipsy.com
bashkiria.ru
bb.mail.ru
bbr.ru
bcs-bank.ru
bcs.ru
bd.mail.ru
beeline.api.flocktory.com
beeline.ru
beeline.tv
beesbfl.ru
beescrm.ru
beget.com
beget.ru
beginners-adv.ozon.ru
beko.dom.mail.ru
belgorod.ru
bender.mail.ru
berizaryad.ru
best2pay.net
beta.mail.ru
betboom.ru
bfa.ru
bfds.sberbank.ru
bilet.nspk.ru
bimsaas.ru
bir.ru
bitrix.info
bitrix24.ru
bitva.mail.ru
biz.mail.ru
bizmrg.com
bk.ru
bk6bba-resources.com
bk6bba-resources.ru
blablacar.ru
blackfriday.mail.ru
blanc.ru
blog.mail.ru
bm-bank.ru
book-catalog.ru
book1917.live
booking-tec.ru
boom.ru
boosty.to
bot.gosuslugi.ru
botapi.max.ru
botmechanic.io
bps-sberbank.by
bratva-mr.mail.ru
bristol.ru
bro-bg-store.s3.yandex.com
bro-bg-store.s3.yandex.net
bro-bg-store.s3.yandex.ru
broker.ru
brontp-pre.yandex.ru
browser.mail.ru
browser.yandex.com
browser.yandex.ru
bryansk.ru
bs.mail.ru
bs.yandex.ru
bspb.ru
buryatia.ru
business.vk.ru
c.dns-shop.ru
c.rdrom.ru
cabconnect.org
calendar.mail.ru
callbackkiller.com
cap.ru
capitalt.ru
capsula.mail.ru
cardsmobile.ru
cargo.rzd.ru
carrot-mail.io
carrotquest-mail.io
carrotquest.app
carrotquest.io
carrottrack.app
cars.mail.ru
catalog.api.2gis.com
cbg.ru
cbkiller.com
cbr.ru
cdek.ru
cdek.shopping
cdn-tinkoff.ru
cdn-vk.net
cdn-vk.ru
cdn.connect.mail.ru
cdn.lemanapro.ru
cdn.newyear.mail.ru
cdn.oversecure.org
cdn.s3.yandex.net
cdn.tbank.ru
cdn.uxfeedback.ru
cdn.yandex.ru
cdn1.tu-tu.ru
cdncloudone.serverstats.ru
cdnfive.serverstats.ru
cdnmail.ru
cdnn21.img.ria.ru
cdnrhkgfkkpupuotntfj.svc.cdn.yandex.net
cdnsix.vk-com.ru
cdntwo.speedstream.ru
cdnvideo.ru
cdnvideohub.com
centraluniversity.ru
ceosummit.ru
cert-gib.com
cert-gib.ru
cf.mail.ru
chat-ct.pochta.ru
chat-prod.wildberries.ru
chat3.vtb.ru
chel.ru
chelyabinsk-sgo-edu-74.ru
chelyabinsk.ru
chipcore.com
chipcore.ru
chita.ru
chizhik.club
chukotka.ru
chuvashia.ru
cian.ru
cian.site
ciangroup.ru
ciciq.net
cikrf.ru
citilink.ru
citydrive.ru
clck.ru
clck.yandex.com
clck.yandex.net
clck.yandex.ru
clck.yango.com
click.rustore.ru
clickstream.sberbank.ru
cloud.cdn.yandex.com
cloud.cdn.yandex.net
cloud.cdn.yandex.ru
cloud.mail.ru
cloud.ru
cloud.vk.com
cloud.vk.ru
cloudcdn-ams19.cdn.yandex.net
cloudcdn-m9-10.cdn.yandex.net
cloudcdn-m9-12.cdn.yandex.net
cloudcdn-m9-13.cdn.yandex.net
cloudcdn-m9-14.cdn.yandex.net
cloudcdn-m9-15.cdn.yandex.net
cloudcdn-m9-2.cdn.yandex.net
cloudcdn-m9-3.cdn.yandex.net
cloudcdn-m9-4.cdn.yandex.net
cloudcdn-m9-5.cdn.yandex.net
cloudcdn-m9-6.cdn.yandex.net
cloudcdn-m9-7.cdn.yandex.net
cloudcdn-m9-9.cdn.yandex.net
cloudru.cn
clstorage.net
clubx5.ru
cm.a.mts.ru
cm.expert
cms-res-web.online.sberbank.ru
cnconf.ru
cnews.ru
cnewsforum.ru
cobma.mail.ru
cobmo.mail.ru
cobrowsing.tbank.ru
code-class.ru
code.mail.ru
codefest.mail.ru
codeseason.by
cog.mail.ru
collections.yandex.com
collections.yandex.ru
comba.mail.ru
combu.mail.ru
commba.mail.ru
commerzbank.ru
company.rzd.ru
compute.mail.ru
comss.club
comss.info
comss.me
comss.net
comss.news
comss.one
comss.online
comss.org
comss.ru
connect.cs7777.vk.ru
contacts.rzd.ru
contract.gosuslugi.ru
coolera.ru
copymonkey.app
corp.express
corp.mail.ru
counter.yadro.ru
counter.yandex.ru
cpa.hh.ru
cpg.money.mail.ru
cplsb.ru
crazedns.ru
crazypanda.mail.ru
credistory.ru
credit-zenit.ru
crimea.ru
crl.kaspersky.com
crowdtest.payment-widget-smarttv.plus.tst.kinopoisk.ru
crowdtest.payment-widget.plus.tst.kinopoisk.ru
cs.avito.ru
cs7777.vk.ru
csp.yandex.net
ctlog.mail.ru
ctlog2023.mail.ru
ctlog2024.mail.ru
cto.mail.ru
cu.ru
cups.mail.ru
cups.online
custody.ru
cxhub.ru
cybercrimecon.com
cybersport.ru
d-assets.2gis.ru
d.f.ip6.arpa
da-preprod.biz.mail.ru
da.biz.mail.ru
dagestan.ru
dahl.su
dahlmessenger.com
dashly.app
dashly.help
dashly.io
dashly.me
dashlytrack.app
data-tscbank.ru
data.amigo.mail.ru
datacloudmy.com
dating.ok.ru
dbmoscow.ru
dbo-dengi.online
dc1-cert.ksn.kaspersky-labs.com
dc1-file.ksn.kaspersky-labs.com
dc1-pp.ksn.kaspersky-labs.com
dc1-st.ksn.kaspersky-labs.com
dc1.ksn.kaspersky-labs.com
de-rt.com
de-rt.org
de-rtnews.com
de-rtnews.net
deltacredit.ru
depository.ru
dert.online
dert.site
dert.tech
deti.mail.ru
detmir.ru
deutsche-bank.ru
deutschebank.ru
dev-my.com
dev-my.games
dev.cs7777.vk.ru
dev.max.ru
dev.tau.vk.ru
dev1.mail.ru
dev2.mail.ru
dev3.mail.ru
dialogx5.ru
digital-wb.ru
digital.gov.ru
digitalwb.ru
disk.2gis.com
disk.rzd.ru
dixy.ru
dk.mail.ru
dl.mail.ru
dl.marusia.mail.ru
dmir.ru
dmp.dmpkit.lemanapro.ru
dn.mail.ru
dnd.wb.ru
dnevnik.ru
dnl-00.geo.kaspersky.com
dnl-01.geo.kaspersky.com
dnl-02.geo.kaspersky.com
dnl-03.geo.kaspersky.com
dnl-04.geo.kaspersky.com
dnl-05.geo.kaspersky.com
dnl-06.geo.kaspersky.com
dnl-07.geo.kaspersky.com
dnl-08.geo.kaspersky.com
dnl-09.geo.kaspersky.com
dnl-10.geo.kaspersky.com
dnl-11.geo.kaspersky.com
dnl-12.geo.kaspersky.com
dnl-13.geo.kaspersky.com
dnl-14.geo.kaspersky.com
dnl-15.geo.kaspersky.com
dnl-16.geo.kaspersky.com
dnl-17.geo.kaspersky.com
dnl-18.geo.kaspersky.com
dnl-19.geo.kaspersky.com
dns-com.ru
dns-shop.ru
dobro.mail.ru
doc.mail.ru
doctorhead.ru
dodois.com
dodois.io
dodopizza.com
dodopizza.ru
dodostatic.net
dolyame.ru
dom.mail.ru
dom.ru
domrfbank.ru
donationalerts.com
dostaevsky.ru
download.max.ru
dr.yandex.net
dr2.yandex.net
dragonpals.mail.ru
driveawaytaxi.org
drobbox.pro
drom.ru
drweb-av.de
drweb-av.es
drweb-av.it
drweb-av.pl
drweb.by
drweb.cn
drweb.co.jp
drweb.com
drweb.fr
drweb.kz
drweb.ru
drweb.uz
ds.mail.ru
dtf.ru
duck.mail.ru
duma.gov.ru
durovscode.com
dzen.ru
dzeninfra.ru
e-yakutia.ru
e.mail.ru
e.mindbox.ru
e1.ru
e5.ru
eadaily.com
eadaily.info
eadaily.net
eadaily.org
eadaily.su
eaptechka.online
eapteka.ru
ebs.ru
edge.geo.kaspersky.com
edu-74.ru
edu.ru
edu.tinkoff.ru
edu22.info
education.mail.ru
education.tbank.ru
efin.ru
egress.yandex.net
eh.vk.com
ekat.ru
ekburg.ru
ekmp-a-51.rzd.ru
elama.ru
electronicsignature.ru
eligens.cl
eligens.com.br
eligens.io
emias.info
emias.mos.ru
emias.ru
enterly.ru
enterprise.api-maps.yandex.ru
envybox.company
envybox.family
envybox.io
envybox.kg
envybox.su
envycdp.com
envycdp.ru
envycrm.com
envyday.ru
epicevents.gg
epp.genproc.gov.ru
era-invest.ru
error-tracking.megamarket.tech
ertelecom.ru
es-rt.com
esa-res.online.sberbank.ru
esc.predict.mail.ru
esforce.com
esforce.ru
esia.gosuslugi.ru
esrt.online
esrt.press
esrt.site
esrt.space
esrt.tech
esrt.website
et.mail.ru
etna.ai
etradebook.ru
eurasiadaily.su
evrasia.rest
ewisdom.us.kg
example
expert.vk.ru
express.ms
external-api.mediabilling.kinopoisk.ru
external-api.plus.kinopoisk.ru
eye.targetads.io
f6.dev
f6.ru
f6.security
facct.email
facct.ru
farmlend.ru
fasten.ru
favicon.yandex.com
favicon.yandex.net
favicon.yandex.ru
favorites.api.2gis.com
fb-cdn.premier.one
fe.mail.ru
ferra.ru
filekeeper-vod.2gis.com
finambank.ru
finance.mail.ru
finance.wb.ru
finuslugi.ru
five.predict.mail.ru
fivepost.ru
fix-price.com
flocktory.com
flomni.com
flowwow-images.com
flowwow.com
fon.bet
fon.promo
forshtadt.ru
foto-planeta.com
foto.mail.ru
fotostrana.ru
freeassange.tech
freede.tech
freedert.online
frontend.vh.yandex.ru
funpay.com
funpay.ru
future-cs.ru
fw.wb.ru
g-ib.ae
g-ib.ru
g-ib.sg
g-ib.us
g.mindbox.ru
gainstech.ru
games-bamboo.mail.ru
games-fisheye.mail.ru
games.mail.ru
gamescup.ru
gatewaytorussia.ru
gazeta.ru
gazetarussa.com.br
gazfond-pn.ru
gazprombank.com
gazprombank.investments
gazprombank.ru
gb.ru
genesis.mail.ru
genetic-technologies.am
genotek.am
genotek.es
genotek.eu
genotek.health
genotek.ru
geo-apart.predict.mail.ru
geobasket.ru
gerwin.io
get4click.ru
getcourse.ru
getsynapse.io
gib-global.com
gib.sg
gibdd.mail.ru
gibdev.net
gibtds.ru
gid.ru
giga.chat
gismeteo.by
gismeteo.com
gismeteo.net
gismeteo.ru
gismeteo.st
gitverse.ru
go.mail.ru
gogettaxi.org
goicq.org
goldapple.ru
golos.mail.ru
google-analytics-suite.ozon.ru
gorodpay.ru
gorzdrav.org
gorzdrav.spb.ru
gosdolgi.ru
goskey.ru
gosuslugi.ru
gosweb.gosuslugi.ru
goup.ai
gov.ru
government.ru
goya.rutube.ru
gpb.finance.mail.ru
gpb.ru
gptunnel.ru
gramotei.online
graphql-web.kinopoisk.ru
graphql.kinopoisk.ru
green-box-tv.com
greywallpass.com
grfc.ru
group-ib.ae
group-ib.co.uk
group-ib.com
group-ib.de
group-ib.eu
group-ib.ru
group-ib.sg
group-ib.us
groupib.ae
groupib.sg
groupib.us
grozny.ru
gu-st.ru
guns.mail.ru
gw2ru.com
habr.com
hacksoft.ru
haicomdc.com
haicomdc.ru
haicomgroup.ru
hardware.ru
hayya.ae
hb-bidder.skcrtxr.com
hd.kinopoisk.ru
health.mail.ru
help.max.ru
help.mcs.mail.ru
hh.by
hh.kz
hh.ru
hhcdn.ru
hi-tech.mail.ru
hiwifi.com
home.arpa
homecredit.ru
horo.mail.ru
hrc.tbank.ru
hrtek.ru
hs.mail.ru
http-check-headers.yandex.ru
hva.im
i-ola.ru
i.hh.ru
i.max.ru
i.rdrom.ru
i0.photo.2gis.com
i1.photo.2gis.com
i2.photo.2gis.com
i3.photo.2gis.com
i4.photo.2gis.com
i5.photo.2gis.com
i6.photo.2gis.com
i7.photo.2gis.com
i8.photo.2gis.com
i9.photo.2gis.com
ibamoscow.ru
icq-download.com
icq-mobile.com
icq-online.com
icq-phone.com
icq-phone.org
icq.asia
icq.at
icq.biz
icq.com
icq.de
icq.eu
icq.fr
icq.im
icq.lt
icq.mobi
icq.org
icq.ru
icq.sg
icq2mobile.com
icq5.com
icqanywhere.com
icqbrasil.com
icqbrazil.com
icqchat.com
icqflirting.com
icqgame.com
icqgames.com
icqkids.com
icqmail.com
icqmail.net
icqonline.com
icqpassword.com
icqpeople.com
icqservers.com
icqservice.com
icqsupportteam.com
icqsystem.com
icqsystems.com
icqtoday.com
icqtutor.com
icqvideo.com
id.cs7777.vk.ru
id.ru
id.sber.ru
id.tau.vk.ru
id.tbank.ru
id.vk.ru
ideco.dev
ideco.ru
idecosoftware.ru
identitystatic.mts.ru
idx5.ru
iguides.ru
ilovesakura.ru
images.apteka.ru
imgproxy.cdn-tinkoff.ru
imgsmail.ru
imperia.mail.ru
inbox.ru
informer.yandex.ru
infra.mail.ru
inosmi.ru
inplat.ru
insideok.ru
instant.arubanetworks.com
internal
internet.mail.ru
internet.ru
invalid
invest.ozon.ru
io.ozone.ru
ir.ozone.ru
irk.ru
irkutsk.ru
it-katok.ru
it-picnic.ru
it-piknik.ru
it-territory.com
it.mail.ru
itirex.ru
ivanovo.ru
ivi.ru
ivicdn.tv
ivideon.com
ixbt.com
ixbt.games
ixbt.market
ixbt.media
ixbt.pro
ixbt.ru
ixbt.shop
ixbt.site
ixbt.video
izbirkom.ru
izhevsk.ru
jam.api.2gis.com
jamal.ru
jar.ru
jd.mail.ru
jfn.su
jinrieluosi.cn
jira-tcsbank.ru
jitsi.wb.ru
jivo.chat
jivo.ru
jivochat.co.in
jivochat.co.za
jivochat.com
jivochat.com.br
jivochat.com.co
jivochat.com.pe
jivochat.com.tr
jivochat.de
jivochat.es
jivochat.ng
jivochat.ru
jivosite.com
jivosite.ru
journey.mail.ru
jpmorgan.ru
jua5fcnytm.a.trbcdn.net
juggermobile.mail.ru
jump.taxi
jumpwork.ru
junior.mail.ru
justveryok.com
jx5.ru
kakpishem.ru
kalmykia.ru
kaluga.ru
kamchatka.ru
kanzlerdaddy.ru
karelia.ru
karmahelp.ru
karta-banka-rf.ru
kartaslov.ru
kaspersky-labs.com
kaspersky.be
kaspersky.ca
kaspersky.co.in
kaspersky.co.jp
kaspersky.co.kr
kaspersky.co.th
kaspersky.co.uk
kaspersky.co.za
kaspersky.com
kaspersky.com.au
kaspersky.com.br
kaspersky.com.cn
kaspersky.com.hk
kaspersky.com.pl
kaspersky.com.tr
kaspersky.com.tw
kaspersky.com.vn
kaspersky.cz
kaspersky.de
kaspersky.dk
kaspersky.dz
kaspersky.es
kaspersky.fi
kaspersky.fr
kaspersky.gr
kaspersky.it
kaspersky.kz
kaspersky.ma
kaspersky.my
kaspersky.nl
kaspersky.pt
kaspersky.ro
kaspersky.rs
kaspersky.ru
kaspersky.se
kazan.ru
kazanexpress.ru
kchgov.ru
kchr.ru
kemerovo.ru
keyboardmen.com
keys.api.2gis.com
keyx5.ru
khabarovsk.ru
khakassia.ru
khangar.net
khv.ru
kicker.mail.ru
kiks.yandex.com
kiks.yandex.ru
killercb.ru
kinescopecdn.net
kingdomrift.mail.ru
kino.mail.ru
kinopoisk-ru.clstorage.net
kinopoisk.ru
kinorium.com
kion.ru
kirov.ru
kis.v2.scr.kaspersky-labs.com
klinikabudzdorov.ru
knights.mail.ru
knightspeak.com
kobma.mail.ru
kobmo.mail.ru
kod.ru
koddobra.ru
koenig.ru
komba.mail.ru
kombo.mail.ru
kombu.mail.ru
kommba.mail.ru
komus.ru
konflikt.mail.ru
kontur-inc.com
kontur.host
kontur.ru
korona.com
koshelek.app
kostroma.ru
kp.ru
krasnodar.su
krasnoeibeloe.ru
krasnoyarsk.ru
kremlin.ru
ksn-cinfo-geo.kaspersky-labs.com
ksn-cinfo.geoksn.kaspersky.com
ksn-crypto-info-geo.kaspersky-labs.com
ksn-crypto-kas-geo.kaspersky-labs.com
ksn-crypto-tcert-geo.kaspersky-labs.com
ksn-crypto-url-geo.kaspersky-labs.com
ksn-crypto-verdict-geo.kaspersky-labs.com
ksn-crypto-wifiplus-geo.kaspersky-labs.com
ksn-crypto-wifiplus.geoksn.kaspersky.com
ksn-dc1-cert.geoksn.kaspersky.com
ksn-dc1-file.geoksn.kaspersky.com
ksn-dc1.geoksn.kaspersky.com
ksn-file-geo.kaspersky-labs.com
ksn-file.geoksn.kaspersky.com
ksn-info-geo.kaspersky-labs.com
ksn-info.geoksn.kaspersky.com
ksn-kas.geoksn.kaspersky.com
ksn-mdr.geoksn.kaspersky.com
ksn-tcert-geo.kaspersky-labs.com
ksn-tcert.geoksn.kaspersky.com
ksn-url-geo.kaspersky-labs.com
ksn-url.geoksn.kaspersky.com
ksn-verdict-geo.kaspersky-labs.com
ksn-verdict.geoksn.kaspersky.com
ktech.team
kuban.ru
kubankredit.ru
kuper.ru
kurgan.ru
kursk.ru
kz.mcs.mail.ru
la.mail.ru
lady.mail.ru
lamoda.ru
lan
landing.mail.ru
le.tbank.ru
learning.ozon.ru
legal.max.ru
legenda.mail.ru
legendofheroes.mail.ru
leike.cc
lemanapro.ru
lenta.com
lenta.ru
lenta.tech
lerna.ru
lifestyle-tec.ru
ligadobra.ru
ligastavok-csr.ru
ligastavok.ru
link.max.ru
link.mp.rzd.ru
lipetsk.ru
list.ru
litres.ru
live.ok.ru
lk.gosuslugi.ru
loa.mail.ru
local
local.adguard.org
localdomain
localhost
localhost.ptlogin2.qq.com
localhost.sec.qq.com
log.dzen.ru
log.strm.yandex.ru
login.cs7777.vk.ru
login.mts.ru
login.tau.vk.ru
login.vk.com
login.vk.ru
lotro.mail.ru
love.mail.ru
lovina.app
loyalnost-adv.ozon.ru
m.47news.ru
m.avito.ru
m.cs7777.vk.ru
m.ok.ru
m.tau.vk.ru
m.vk.ru
m.vkvideo.cs7777.vk.ru
ma.kinopoisk.ru
magadan.ru
magnit-ru.injector.3ebra.net
magnit.com
magnit.ru
mail-carrotquest.io
mail.ru
mail.yandex.com
mail.yandex.ru
mailer.mail.ru
mailexpress.mail.ru
mailicq.org
malotogo.ru
man.mail.ru
map.gosuslugi.ru
mapgl.2gis.com
mapi.learning.ozon.ru
maps.mail.ru
mari-el.ru
mari.ru
marine.ru
market.rzd.ru
marketing-info.wildberries.ru
marketplace-sentry.wb.ru
marusia.mail.ru
max-tcs.ru
max.ru
mc.yandex.com
mc.yandex.net
mc.yandex.ru
mc.yango.com
mcc250.pub.3gppnetwork.org
mcs.mail.ru
mcs.st
mddc.tinkoff.ru
mdr.ksn.kaspersky-labs.com
me.cs7777.vk.ru
media-golos.mail.ru
media.mail.ru
mediafeeds.yandex.com
mediafeeds.yandex.ru
mediapro.mail.ru
mediumquality.ru
medsi-premium.ru
medsi.com
medsi.pro
medsi.ru
megafon.com
megafon.ru
megafonpro.ru
megamarket.ru
megamarket.tech
megapteka.ru
mel.fm
melfm.ru
memealerts.com
merch-cpg.money.mail.ru
meteofor.com
meteofor.st
meteoinfo.ru
meteum.ai
metrics.21-school.ru
metrics.alfabank.ru
metrics.viqeo.tv
metrika.kontur.ru
metrika.yandex.com
metrika.yandex.net
metrika.yandex.ru
metro-cc.ru
metro.spb.ru
mfa.center
mfk-bank.ru
mfk-t-finance.ru
mgfn.ru
mgfoms.ru
mhcb.ru
mhcbr.ru
microapps.kinopoisk.ru
mil.ru
mind-box.ru
mindbox-notifications.ru
mindbox.cloud
mindbox.group
mindbox.ru
mindbox.site
mindbox.so
miniapp.internal.myteam.mail.ru
minigames.mail.ru
mirabilis.com
mirandaicq.com
mironline.ru
mirpayonline.ru
miwifi.com
mkb.ru
mking.mail.ru
mlbootcamp.ru
mm.ru
mnogolososya.ru
mobfarm.mail.ru
mobile-bb.com
mobile-icq.com
mobileicq.com
moex.com
mofoms.ru
money.mail.ru
mordovia.ru
more.tv
mos.ru
mos.transport.vtb.ru
moscow
moscow.megafon.ru
mosgorzdrav.ru
moskva.beeline.ru
moskva.taximaxim.ru
mosmetro.ru
mosmetro.tech
mosqa.mail.ru
mosreg.ru
movika.com
mowar.mail.ru
mozilla.mail.ru
mp.rzd.ru
mp.world
mpgw-my.com
mradx.net
mrgcdn.ru
ms.cs7777.vk.ru
ms.dzen.ru
ms.vk.com
ms.vk.ru
msk.t2.ru
mts-ws.net
mts.ru
mtsbank.ru
mtscdn.ru
mtsdengi.ru
mtsmedia.ru
multifactor.ru
multitest.ok.ru
murmansk.ru
music.vk.ru
mvideo.edna.io
mvideo.ru
mvk.com
mvs-bank.ru
my-manager-account.com
my-tbank.ru
my.com
my.games
my.mail.ru
my.router
my.rzd.ru
myadx.net
myapelsin.ru
mycdn.me
myenvy.ru
mymts.ru
myoffice.ru
myoffice.team
myspar.ru
myteam.mail.ru
mytopf.com
mytrk.link
nalchik.ru
nalog.ru
narod.ru
naydex.net
nbki.ru
nebogame.mail.ru
neon.click
net.mail.ru
netcraze.club
netcraze.link
netcraze.pro
netcraze.ru
netmonet.co
netschool.website
neuro.translate.yandex.ru
new-adv.ozon.ru
new.mail.ru
news.mail.ru
newyear.mail.ru
newyear2018.mail.ru
ngenix.net
nic.ru
nichost.ru
nn.ru
nonstandard.sales.mail.ru
noosferabank.ru
notes.mail.ru
noticias-rt.com
notik.ru
notimundo.press
nov.ru
novorossiya.gosuslugi.ru
novosibirsk.ru
nplus1.ru
nsk.ru
nspk.ru
o-courier.ru
o-uchi.ru
o3.ru
o3t.ru
o3team.ru
oasisauth.h3c.com
oauth.cs7777.vk.ru
oauth.tau.vk.ru
oauth2.cs7777.vk.ru
obr03.ru
obs.mts.ru
ocourier.ru
octavius.mail.ru
odkl.ru
odnoklasniki.by
odnoklasniki.ua
odnoklassniki.am
odnoklassniki.by
odnoklassniki.co.ee
odnoklassniki.eu
odnoklassniki.lv
odnoklassniki.ru
odnoklassniki.tj
ognihome.com
ok.me
ok.ru
okcdn.ru
okko.sport
okko.tv
okkoapi.tv
okl.lt
oknovrossiu.ru
okolo.app
oktech.ru
oms.karelia.ru
omsk.ru
on-media.ru
oneclick-payment.kinopoisk.ru
oneme.ru
online.sberbank.ru
onlyjobs.ru
ooc-school.ru
opennet.dev
opennet.ru
operator.mail.ru
orb.ru
ord.ozon.ru
ord.vk.ru
oryol.ru
oskelly.co
oskelly.ru
ostin.com
ostrovok.ru
otello.ru
otm-r.com
otpbank.ru
otvet.mail.ru
otveti.mail.ru
otvety.mail.ru
ovcl.ru
overclock.ru
overclocker.ru
overclockers.ru
overclocking.ru
overi.ru
owa.ozon.ru
ozon-credit.ru
ozon-dostavka.ru
ozon-tech.ru
ozon.app
ozon.by
ozon.com
ozon.com.by
ozon.com.kz
ozon.dev
ozon.express
ozon.global
ozon.kz
ozon.li
ozon.market
ozon.ru
ozon.tech
ozon.tm
ozon.travel
ozoncamp.pro
ozoncard.ru
ozoncom.by
ozoncorporate.ru
ozone.ru
ozonglobalevents.com
ozonpartners.by
ozonpartners.ru
ozonrocet.by
ozonroket.by
ozonru.co.il
ozonru.com
ozonru.eu
ozonru.me
ozonsport.ru
ozonstatus.ru
ozonusercontent.com
p00.upd.kaspersky.com
p01.upd.kaspersky.com
p02.upd.kaspersky.com
p03.upd.kaspersky.com
p04.upd.kaspersky.com
p05.upd.kaspersky.com
p06.upd.kaspersky.com
p07.upd.kaspersky.com
p08.upd.kaspersky.com
p09.upd.kaspersky.com
p10.upd.kaspersky.com
p11.upd.kaspersky.com
p12.upd.kaspersky.com
p13.upd.kaspersky.com
p14.upd.kaspersky.com
p15.upd.kaspersky.com
p16.upd.kaspersky.com
p17.upd.kaspersky.com
p18.upd.kaspersky.com
p19.upd.kaspersky.com
panzar.mail.ru
park.mail.ru
partners.gosuslugi.ru
partners.lemanapro.ru
passport.pochta.ru
pay.mail.ru
pay.ozon.ru
payecom.ru
payment-widget-smarttv.plus.kinopoisk.ru
payment-widget.kinopoisk.ru
payment-widget.plus.kinopoisk.ru
payment.ru
paywb.com
paywb.ru
peiluyou.com
penza.ru
perekrestok.com
perekrestok.ru
perm.ru
pernatsk.mail.ru
personalization-web-stable.mindbox.ru
pets.mail.ru
phicomm.me
phoenix-ca.ru
pic.rutubelist.ru
pikabu.ru
pishi-pravilno.ru
pixel.rustore.ru
pixel.yandex.com
pixonic.com
pl-res.online.sberbank.ru
planetazdorovo.ru
platiecom.ru
playerok.com
playfamily.ru
plex.direct
pms.mail.ru
pobeda.page
pochta.ru
pochtabank.mail.ru
pochtabank.ru
podorozhnik.spb.ru
pogoda.mail.ru
pokerist.mail.ru
polis.mail.ru
polyclinika.ru
polza.ai
ponyexpress.ru
popmechanic.io
popmechanic.ru
pos.gosuslugi.ru
poudobnee.com
pp.mail.ru
pptest.userapi.com
pravilno-pishem.ru
predict.mail.ru
premier.one
premiumlive.site
pressria.ru
preview.rutube.ru
prim-edu.ru
primbank.ru
primeworld.mail.ru
privacy-cs.mail.ru
private-banking.ru
prod-my.games
prodcontest.com
prodota.ru
prodvizhenie-adv.ozon.ru
prodvizhenie.rzd.ru
promodj.com
prvbank.ru
psb-ocenka.ru
psb.ru
psbank.ru
psk.ru
pskb.ru
pskov.ru
ptcloud.ru
ptd.predict.mail.ru
ptsecurity.com
ptz.ru
pubg.mail.ru
public-api.reviews.2gis.com
public.express
public.infra.mail.ru
pulse.mail.ru
pulse.mp.rzd.ru
push.vk.ru
pushgrow.io
pvubank.com
pw.mail.ru
px.adhigh.net
pz.help
qms.ru
quantum.mail.ru
questions-adv.ozon.ru
queuev4.vk.com
quiz.kinopoisk.ru
quizlink.ru
r.mail.ru
r.vk.ru
r0.mail.ru
r0.mradx.net
r01.ru
r1.mail.ru
rabbitcounter.com
rabota.by
radar.imgsmail.ru
radiosputnik.ria.ru
radiosputnik.ru
raiffeisen-media.ru
raiffeisen.ru
rambler.ru
randomgodbot.com
rap.skcrtxr.com
rate.mail.ru
rbc.ru
rbcollect.ru
rbcredit.ru
rbsgate.com
rbsuat.com
rbth.com
rdrom.ru
realtyverif.ru
reaviz.com
reaviz.ru
rebus.calls.mail.ru
rebus.octavius.mail.ru
receive-sentry.lmru.tech
refresh-bkg.activation-v2.kaspersky.com
reg.cloud
reg.com
reg.ru
regard.ru
reklama.mail.ru
relap.mail.ru
rencapbank.ru
rencredit.ru
report-megafon.ru
report.ap.yandex-net.ru
reseach.mail.ru
reso-med.com
reso-med.ru
restapi.dns-shop.ru
restnproducts.ru
restream-media.net
restream.ru
rev.mail.ru
rf-sim-mobile.ru
rg.ru
ria.ru
riot.mail.ru
rkomi.ru
rl.mail.ru
rm.mail.ru
rncoluminis.ru
rnd.ru
ro-edu.ru
robotext.io
rocketozon.by
roistat.com
romanovs100.com
rosbank-auto.ru
rosbank-capital.ru
rosbank-credit.com
rosbank-dom.ru
rosbank-leasing.ru
rosbank.ru
rossiyasegodnya.com
rostaxi.org
rostelecom.ru
rostics.ru
router.asus.com
router.ctc
routerlogin.com
rrtp.ru
rs.mail.ru
rshb.ru
rt-school.online
rt.api.operator.mail.ru
rt.com
rt.rs
rt.ru
rtarabic.com
rtarabic.net
rtarabic.org
rtarabic.ru
rtbcdn.ru
rtbrasil.com
rtbrasil.info
rtde.agency
rtde.expert
rtde.express
rtde.info
rtde.life
rtde.live
rtde.me
rtde.media
rtde.online
rtde.org
rtde.press
rtde.site
rtde.team
rtde.tech
rtde.website
rtde.world
rtde.xyz
rtdefree.info
rtdefree.me
rtdefree.online
rtdefree.tech
rtdoc.tv
rtdocumentary.online
rteam.dev
rteam.tech
rtenafrique.tv
rtenfrancais.tv
rtenfrance.tv
rtespanol.com
rtfestival.ru
rtfrance.tv
rtnewsde.com
rtnewsde.online
rtnewsde.pro
rtnewsde.site
rtnewsde.tech
rtnewsru.com
rtrunews.com
rttv.com
rttv.ru
rtxv.ru
ru
ru.ccb.com
ru.com
ru.net
rugpt.io
ruhub.tv
runewsrt.com
ruptly.agency
ruptly.tv
ruptly.video
rurtnews.com
rusfinance.ru
rusfinancebank.ru
russiabeyond.com
russiaislove.com
russiandesigncup.ru
russiatoday.com
russiatoday.net
russiatoday.ru
russiatoday.tv
russieactuelle.fr
russoutdoor.ru
rustore.ru
rustore.team
rustore.tv
rutarget.ru
rutube.ru
rutube.sport
rutubelist.ru
rwb.ru
rwbautomation.ru
rwbautomation.tech
rwbgeo.ru
ryazan.ru
rzd-bonus.ru
rzd.ru
s.mindbox.ru
s.rbk.ru
s.vtb.ru
s0.bss.2gis.com
s00.upd.kaspersky.com
s01.upd.kaspersky.com
s02.upd.kaspersky.com
s03.upd.kaspersky.com
s04.upd.kaspersky.com
s05.upd.kaspersky.com
s06.upd.kaspersky.com
s07.upd.kaspersky.com
s08.upd.kaspersky.com
s09.upd.kaspersky.com
s1.bss.2gis.com
s10.upd.kaspersky.com
s11.upd.kaspersky.com
s12.upd.kaspersky.com
s13.upd.kaspersky.com
s14.upd.kaspersky.com
s15.upd.kaspersky.com
s16.upd.kaspersky.com
s17.upd.kaspersky.com
s18.upd.kaspersky.com
s19.upd.kaspersky.com
s3.babel.mail.ru
s3.mail.ru
s3.media-mobs.mail.ru
s3.t2.ru
s3.yandex.net
saas-support.com
safeliner.tech
sage-observability.tech
sakhalin.ru
sales.mail.ru
samara.ru
samokat.ru
sangels.mail.ru
saratov.ru
sayeasy.eu
sba.yandex.com
sba.yandex.net
sba.yandex.ru
sber-bank.by
sber.pro
sber.ru
sberauto.com
sberbank-insurance.ru
sberbank-tele.com
sberbank.com
sberbank.ru
sberbankaktivno.ru
sberbankins.ru
sbercloud.ru
sbercloud.tech
sberdevices.ru
sberdisk.ru
sberfactoring.ru
sberhealth.ru
sberindex.ru
sberleasing.ru
sberlogistics.ru
sbermarketing.ru
sbermegamarket.ru
sbermobile.ru
sberpb.ru
sberpro.vedomosti.ru
sberspasibo.ru
sbertech.ru
sbertroika.ru
sbibankllc.ru
sbis.ru
sbrf.ru
scartel.ru
scitylana.apteka.ru
scripts-for-ucoz.ru
sdk.money.mail.ru
seb.ru
seclab.lat
secure-cloud.rzd.ru
secure.rzd.ru
securepay.ozon.ru
security.mail.ru
securitylab.ru
selcdn.net
selectel.academy
selectel.blog
selectel.com
selectel.dev
selectel.info
selectel.io
selectel.live
selectel.ru
selectelix.ru
selectelpro.ru
selkombank.ru
seller.ozon.ru
sentry-ng.g.smailru.net
sentry.dev-my.com
sentry.dev-my.games
sentry.hh.ru
sentry.iptv.rt.ru
sentry.kontur.host
sentry.mindbox.ru
sentry.ozon.ru
sentry.popmechanic.ru
sentry.rustore.ru
sentry.sberauto.com
sentry.viqeo.tv
sentry.wb.ru
sentry.x5.ru
servercore.com
servercore.live
servernews.ru
service.amigo.mail.ru
servicepipe.ru
servicepipe.tech
serving.a.mts.ru
setevoygorodkrasnodar.ru
setka.ru
setmeup.arubanetworks.com
sevastopol.ru
sfd.gosuslugi.ru
sferum-dev.ru
sferum.ru
sfunpay.com
sgcheck.ru
sgo-egov66.ru
sgo.tvobr.ru
sgo12.ru
sgo171.ru
sgo41.ru
sgoedu74.ru
shadowbound.mail.ru
shedevrum.ai
shop-rt.com
simbirsk.ru
sinara.ru
sistema-capital.com
skbx.pro
skillbox.pro
skillbox.ru
skillfactory.ru
sky.pro
skyeng.ru
slavbank.ru
slavicstar.com
slc.tl
smailru.net
smartmed.pro
smbcr-bank.ru
smolensk.ru
smotreshka.tv
sn-esp.site
sntr.avito.ru
socdwar.mail.ru
sochi-park.predict.mail.ru
sokolov.io
sokolov.ru
solid.ru
sourcecraft.dev
souz.mail.ru
sovcombank.ru
sozvezdie-dobra.ru
spasibo.digital
spasibo.market
spasibobonus.ru
spasibosb.ru
spasibosberbank.ru
spb.ru
spboms.ru
speller.yandex.net
sphere.mail.ru
splitter.wb.ru
sport.mail.ru
sportmail.ru
sputnikglobe.com
sputnikimages.com
sputnikmediabank.com
sputniknews.com
spvb.ru
srch-telemeter10.g.smailru.net
srv-hub.org
ssb.msk.ru
sso-app4.vtb.ru
sso-app5.vtb.ru
sso.auto.ru
sso.dzen.ru
sso.kinopoisk.ru
ssp.rutube.ru
st-im.kinopoisk.ru
st-ok-pts.cdn-vk.ru
st-ok.cdn-vk.ru
st.avito.ru
st.gismeteo.st
st.kinopoisk.ru
st.max.ru
st.okcdn.ru
st.ozone.ru
stacks.vk-portal.net
staging-analytics.predict.mail.ru
staging-esc.predict.mail.ru
staging-sochi-park.predict.mail.ru
stand.aoc.mail.ru
stand.bb.mail.ru
stand.cb.mail.ru
stand.la.mail.ru
stand.pw.mail.ru
standoff365.com
start.ru
startrek.mail.ru
stat-api.gismeteo.net
statad.ru
static-mon.yandex.net
static-storage.net
static.apteka.ru
static.beeline.ru
static.dl.mail.ru
static.lemanapro.ru
static.operator.mail.ru
static.rutube.ru
staticmy.com
stats.avito.ru
stats.dahlmessenger.com
stats.dev.telega.info
stats.rustore.ru
stats.telega.info
stats.vk-portal.net
status.mcs.mail.ru
stavropol.ru
stolichki.ru
storage.ape.yandex.net
storage.yandexcloud.net
stormriders.mail.ru
stream.mail.ru
street-combats.mail.ru
strm-rad-23.strm.yandex.net
strm.yandex.net
strm.yandex.ru
stv.ru
styles.api.2gis.com
su
suggest.dzen.ru
suggest.sso.dzen.ru
summerstage.ru
summitceo.ru
sun1-13.userapi.com 
sun1-14.userapi.com   
sun1-15.userapi.com   
sun1-16.userapi.com   
sun1-17.userapi.com   
sun1-18.userapi.com   
sun1-19.userapi.com   
sun1-20.userapi.com   
sun1-21.userapi.com   
sun1-22.userapi.com   
sun1-23.userapi.com   
sun1-24.userapi.com   
sun1-25.userapi.com   
sun1-26.userapi.com   
sun1-27.userapi.com   
sun1-28.userapi.com   
sun1-29.userapi.com   
sun1-30.userapi.com   
sun1-47.userapi.com   
sun1-54.userapi.com   
sun1-55.userapi.com   
sun1-56.userapi.com   
sun1-57.userapi.com   
sun1-83.userapi.com   
sun1-84.userapi.com   
sun1-85.userapi.com   
sun1-86.userapi.com   
sun1-87.userapi.com   
sun1-88.userapi.com   
sun1-89.userapi.com   
sun1-90.userapi.com   
sun1-91.userapi.com   
sun1-92.userapi.com   
sun1-93.userapi.com   
sun1-94.userapi.com   
sun1-95.userapi.com   
sun1-96.userapi.com   
sun1-97.userapi.com   
sun1-98.userapi.com   
sun1-99.userapi.com   
sun2-10.userapi.com   
sun2-11.userapi.com   
sun2-12.userapi.com   
sun2-13.userapi.com   
sun2-14.userapi.com   
sun2-15.userapi.com   
sun2-16.userapi.com   
sun2-17.userapi.com   
sun2-18.userapi.com   
sun2-19.userapi.com   
sun2-20.userapi.com   
sun2-21.userapi.com   
sun2-22.userapi.com   
sun3-10.userapi.com   
sun3-11.userapi.com   
sun3-12.userapi.com   
sun3-13.userapi.com   
sun3-16.userapi.com   
sun3-17.userapi.com   
sun3-18.userapi.com   
sun3-19.userapi.com   
sun3-20.userapi.com   
sun3-21.userapi.com   
sun3-22.userapi.com   
sun3-23.userapi.com   
sun3-24.userapi.com   
sun4-10.userapi.com   
sun4-11.userapi.com   
sun4-12.userapi.com   
sun4-15.userapi.com   
sun4-16.userapi.com   
sun4-17.userapi.com   
sun4-18.userapi.com   
sun4-19.userapi.com   
sun4-20.userapi.com   
sun4-21.userapi.com   
sun4-22.userapi.com   
sun6-20.userapi.com   
sun6-21.userapi.com   
sun6-22.userapi.com   
sun6-23.userapi.com   
sun7-12.userapi.com   
sun7-13.userapi.com   
sun7-14.userapi.com   
sun7-15.userapi.com   
sun7-16.userapi.com   
sun7-17.userapi.com   
sun7-18.userapi.com   
sun7-19.userapi.com   
sun7-20.userapi.com   
sun7-21.userapi.com   
sun7-22.userapi.com   
sun7-23.userapi.com   
sun7-24.userapi.com   
sun9-10.userapi.com   
sun9-11.userapi.com   
sun9-12.userapi.com   
sun9-13.userapi.com   
sun9-14.userapi.com   
sun9-15.userapi.com   
sun9-16.userapi.com   
sun9-17.userapi.com   
sun9-18.userapi.com   
sun9-19.userapi.com   
sun9-20.userapi.com   
sun9-21.userapi.com   
sun9-22.userapi.com   
sun9-23.userapi.com   
sun9-24.userapi.com   
sun9-25.userapi.com   
sun9-26.userapi.com   
sun9-27.userapi.com   
sun9-28.userapi.com   
sun9-29.userapi.com   
sun9-30.userapi.com   
sun9-31.userapi.com   
sun9-32.userapi.com   
sun9-33.userapi.com   
sun9-34.userapi.com   
sun9-35.userapi.com   
sun9-36.userapi.com   
sun9-37.userapi.com   
sun9-38.userapi.com   
sun9-39.userapi.com   
sun9-40.userapi.com   
sun9-41.userapi.com   
sun9-42.userapi.com   
sun9-43.userapi.com   
sun9-44.userapi.com   
sun9-45.userapi.com   
sun9-46.userapi.com   
sun9-47.userapi.com   
sun9-48.userapi.com   
sun9-49.userapi.com   
sun9-50.userapi.com   
sun9-51.userapi.com   
sun9-52.userapi.com   
sun9-53.userapi.com   
sun9-54.userapi.com   
sun9-55.userapi.com   
sun9-56.userapi.com   
sun9-57.userapi.com   
sun9-58.userapi.com   
sun9-59.userapi.com   
sun9-60.userapi.com   
sun9-61.userapi.com   
sun9-62.userapi.com   
sun9-63.userapi.com   
sun9-64.userapi.com   
sun9-65.userapi.com   
sun9-66.userapi.com   
sun9-67.userapi.com   
sun9-68.userapi.com   
sun9-69.userapi.com   
sun9-70.userapi.com   
sun9-71.userapi.com   
sun9-72.userapi.com   
sun9-73.userapi.com   
sun9-74.userapi.com   
sun9-75.userapi.com   
sun9-76.userapi.com   
sun9-77.userapi.com   
sun9-78.userapi.com   
sun9-79.userapi.com   
sun9-80.userapi.com   
sun9-81.userapi.com   
sun9-82.userapi.com   
sun9-83.userapi.com   
sun9-84.userapi.com   
sun9-85.userapi.com   
sun9-86.userapi.com   
sun9-87.userapi.com   
sun9-88.userapi.com   
support-uber.com
support.biz.mail.ru
support.mcs.mail.ru
support.tech.mail.ru
surgut.ru
surveys.yandex.ru
sushiwok.ru
sweb.ru
swentr.site
sync.browser.yandex.net
sync.rambler.ru
t-access.ru
t-bank-app.ru
t-bank-app.su
t-bank.by
t-calls.ru
t-capital-funds.ru
t-cpa.ru
t-dengi.ru
t-finance.group
t-finance.ru
t-human.ru
t-investlab.ru
t-j.ru
t-ofp.ru
t-pulse.ru
t-static.ru
t-stekovka.ru
t-tech.dev
t-tech.ru
t-tech.team
t-technologies.ru
t-tolk.ru
t.finance
t.mail.ru
t1.cloud
t2.ru
tag.a.mts.ru
tagbank.ru
tak-pravilno.com
talantix.ru
tambov.ru
tamtam.chat
tamtam.ok.ru
tarantool.io
tarantoolplus.ru
target.my.com
target.smi2.net
target.vk.com
target.vk.ru
targetads.io
tatar
tatarstan.ru
tatsotsbank.ru
taxi.yandex.ru
taxiaid.org
taxiguru.org
taxitax.org
taxsee.com
tb-esim.ru
tbank-online.com
tbank.ru
tconf.ru
tcsbank.ru
tdev.by
team.mail.ru
team.rzd.ru
tech-mail.ru
tech.mail.ru
tech.vk.ru
tehnodom.com
tele2.ru
telega.info
telega.me
tendawifi.com
tera.mail.ru
test
tetrika-school.ru
ticket.rzd.ru
tickets.widget.kinopoisk.ru
tidaltrek.mail.ru
tilda.cc
tilda.ru
tilda.ws
tildaapi.com
tildacdn.com
tildacdn.net
tile0.maps.2gis.com
tile1.maps.2gis.com
tile2.maps.2gis.com
tile3.maps.2gis.com
tile4.maps.2gis.com
tiles.maps.mail.ru
time-messenger.ru
timeweb.cloud
timeweb.com
tinkoff-edu.ru
tinkoff-group.com
tinkoff.ai
tinkoff.ru
tinkoffcapital.ru
tinkoffinsurance.ru
tinkoffinsurancefuture.ru
tinkoffjournal.ru
tinkoffmobile.com
tinsurance.ru
tinsurancefuture.ru
tips.tips
tischenko.su
tkbbank.ru
tmgame.mail.ru
tmiaf.ru
tmsg.tbank.ru
tns-counter.ru
tochka-tech.com
tochka.com
todo.mail.ru
tok.media
tokenator.top
tom.ru
tomedu.ru
tomsk.ru
top-fwz1.mail.ru
top-staging.mail.ru
touch.kinopoisk.ru
townwars.mail.ru
tpension.ru
tplinkwifi.net
tplogin.cn
trace-flow.ru
tracing-http.megamarket.tech
tracker-api.my.com
tracker.my.com
transport.mos.ru
travel-tec.ru
travel.rzd.ru
travel.yandex.ru
travel.yastatic.net
trbcdn.net
trk.mail.ru
trueconf.ru
ts.net
tsaritsyn.ru
tsk.ru
ttbh.mail.ru
tula.ru
turbopages.org
tusco.ru
tutu.ru
tuva.ru
tv.mail.ru
tver.ru
tvigle.ru
tvoyodbo.online
twcstorage.ru
typewriter.mail.ru
tyumen.ru
u.corp.mail.ru
ubs.com
uchi.ru
uchilk.ru
ucoz.ae
ucoz.club
ucoz.co
ucoz.co.il
ucoz.co.uk
ucoz.com
ucoz.com.br
ucoz.com.ro
ucoz.de
ucoz.es
ucoz.fr
ucoz.hu
ucoz.kz
ucoz.lv
ucoz.md
ucoz.net
ucoz.org
ucoz.pl
ucoz.ru
ucoz.site
ucoz.ua
ucozmail.com
ucozmedia.com
ucozmedia.ru
ucoztemplates.com
udm.ru
udmurtia.ru
ufo.mail.ru
uguide.ru
uguide.su
ui.cs7777.vk.ru
ui.tau.vk.ru
ukit.ai
ukit.com
ukit.group
ukit.me
ukoz.ru
ukraina.ru
ulan-ude.ru
ulyanovsk-sgo-cit73.ru
uma.media
umschool.net
uni.rest
unidraw.io
unirest.tech
upravel.com
uralsib.ru
user-geo-data.wildberries.ru
userapi.com
userapi.ru
uslugi.yandex.ru
usocial.pro
uteka.ru
uweb.ru
uxfeedback-cdn.s3.yandex.net
uxfeedback.yandex.ru
vamzakaz.ru
vc.ru
velberis.ru
viju.ru
vildberis.ru
vimu.tv
vipmed.ru
viqeo.tv
viqeotv.com
visor.sberbank.ru
vk-analytics.ru
vk-apps.com
vk-apps.ru
vk-cdn.me
vk-cdn.net
vk-portal.net
vk-records.ru
vk-stadium.ru
vk.cc
vk.com
vk.company
vk.design
vk.kz
vk.link
vk.mail.ru
vk.me
vk.ru
vk.team
vkcache.com
vkcdnservice.com
vkclips.app
vkcloud-static.kz
vkcloud-static.ru
vkcloud.kz
vkcs.cloud
vkdoc.mail.ru
vkfest.ru
vkgo.app
vklive.app
vkmessenger.app
vkmessenger.com
vkontakte.com
vkontakte.ru
vkpay.app
vkpay.com
vkpay.io
vkpay.ru
vkplay-arena.ru
vkplay.live
vkplay.ru
vktech-static.ru
vkuser.net
vkuseraudio.com
vkuseraudio.net
vkuseraudio.ru
vkusercdn.ru
vkuserlive.com
vkuserlive.net
vkuserphoto.ru
vkuservideo.com
vkuservideo.net
vkuservideo.ru
vkusnoitochka.ru
vkusvill.ru
vkvd560.okcdn.ru
vkvideo.cs7777.vk.ru
vkvideo.ru
vkworkspace.kz
vl.ru
vladikavkaz.ru
vladimir.ru
vladivostok.ru
vlb100.ru
vlg.ru
vmailru.net
voina.mail.ru
volganet.net
volgograd.ru
vologda.ru
voronezh.ru
voter.gosuslugi.ru
vrn.ru
vscale.blog
vscale.io
vscale.ru
vseinstrumenti.ru
vsemrabota.ru
vt-1.ozone.ru
vtb-direct.com
vtb-grants.fut.ru
vtb.ru
vtbglobalperspectives.com
vyatka.ru
waildberies.ru
waldberies.ru
waldberis.ru
walderis.ru
wallberis.ru
wap.yandex.com
wap.yandex.ru
warehouse.domains
warface.mail.ru
warheaven.mail.ru
wartune.mail.ru
watchingthehawks.com
wb-bank.ru
wb-basket.ru
wb-cloud.ru
wb-sale.ru
wb.am
wb.kg
wb.kz
wb.ru
wbautomation.ru
wbautomation.tech
wbbasket.ru
wbcontent.net
wbdubna.ru
wbkids.ru
wbmail.ru
wbmotivator.ru
wbpay.ru
wbr.by
wbrep.ru
wbstatic.net
wbstatic.ru
wbtek.ru
wbwh.ru
wbwh.tech
wcm.weborama-tech.ru
web-analytics.wildberries.ru
web-static.mindbox.ru
web.max.ru
webagent.mail.ru
weblink.predict.mail.ru
webstore.mail.ru
webvisor.com
webvisor.org
weildberries.ru
welberris.ru
welcome.mail.ru
welcome.rzd.ru
weldberies.ru
weldberres.ru
weldberric.ru
wellberes.ru
wellberies.ru
westernunion.ru
wf.mail.ru
wh-cpg.money.mail.ru
whatsnew.mail.ru
whiteline.mail.ru
whitesaas.com
whoosh-bike.ru
whoosh.bike
wibes.com
wibes.ru
widberri.ru
widberris.ru
widgets.cbonds.ru
widgets.kinopoisk.ru
wieldberris.ru
wilberes.ru
wilberies.ru
wilberris.ru
wilberry.ru
wildbaries.ru
wildbarries.ru
wildbeeries.ru
wildberdes.ru
wildberiss.ru
wildberr.ru
wildberries.am
wildberries.by
wildberries.co.il
wildberries.es
wildberries.eu
wildberries.ge
wildberries.kg
wildberries.kz
wildberries.lt
wildberries.ru
wildberries.tj
wildberries.tm
wildberries.uz
wildberriess.ru
wildberrise.ru
wildbiries.ru
wildbirris.ru
wildbress.ru
wildbries.ru
wildbrris.ru
wildeberies.ru
wildeberris.ru
wiliberes.ru
willberiess.ru
willberis.ru
win-line.ru
winelab.ru
wink.am
wink.ru
winline.ru
winlinebet.ru
wldberris.ru
wok.mail.ru
wolfberries.ru
worldcuprussia.com
wos.mail.ru
ws-api.oneme.ru
ws.seller.ozon.ru
ws.vulpine.email
www.asusrouter.com
www.avito.ru
www.avito.st
www.biz.mail.ru
www.cikrf.ru
www.drive2.ru
www.drom.ru
www.farpost.ru
www.gazprombank.ru
www.gosuslugi.ru
www.ivi.ru
www.kinopoisk.ru
www.kp.ru
www.magnit.com
www.mail.ru
www.mcs.mail.ru
www.miwifi.com
www.open.ru
www.ozon.ru
www.pochta.ru
www.psbank.ru
www.pubg.mail.ru
www.raiffeisen.ru
www.rbc.ru
www.routerlogin.com
www.rzd.ru
www.sberbank.ru
www.t2.ru
www.tbank.ru
www.tutu.ru
www.unicreditbank.ru
www.vtb.ru
www.wf.mail.ru
www.wildberries.ru
www.x5.ru
x5.ai
x5.com
x5.digital
x5.group
x5.media
x5.ru
x5.team
x5.tech
x5club.ru
x5id.ru
x5l.ru
x5media.ru
x5paket.ru
x5q.ru
x5static.net
x5w.ru
xapi.ozon.by
xapi.ozon.com
xapi.ozon.com.by
xapi.ozon.com.kz
xapi.ozon.kz
xapi.ozon.ru
xapi.ozonru.me
xlnk.ms
xmail.ru
xn-----6kc7adj0c9esa.com
xn----7sbaba0dc6cdn7cxcj.com
xn----7sbabae2a0bnvtsfr4loc.com
xn----7sbbab6bregnh7b8if5b.com
xn----7sbbamm1bv2bh7i.com
xn----7sbhmncai5a0arm7c1e.xn--p1ai
xn----8sbahiqzthbd0bn.xn--p1ai
xn----8sbaroledu6bi7j.com
xn----8sbeoy5bze.com
xn----8sbkfzespdwig.xn--p1ai
xn----8sbwjbxyd.xn--p1ai
xn----otbzjdu.xn--p1ai
xn--80AGLFYFK.xn--p1ai
xn--80a9a4b.xn--p1ai
xn--80aaafbpzn5blfby1p.xn--p1ai
xn--80aaeib8abrryx4k.xn--p1ai
xn--80aafgovrgbc7am.xn--p1ai
xn--80acbjgmges7ca.xn--p1ai
xn--80acbjgsdq2cl.xn--p1ai
xn--80acgfbsl1azdqr.xn--p1ai
xn--80adxhks
xn--80aglzei.xn--p1ai
xn--80aj3b.xn--p1ai
xn--80ajghhoc2aj1c8b.xn--p1ai
xn--80aqcf7a6do.com
xn--80arpq.xn--p1ai
xn--80asehdb
xn--80asgb.xn--p1ai
xn--80aswg
xn--90ab.com
xn--90absjljw3g.xn--p1ai
xn--90aifd0az.shop
xn--90aifd0azb.xn--p1acf
xn--90aivcdt6dxbc.xn--p1ai
xn--b1aechhj6bof8g5a.site
xn--b1afabzvcegckfhg.xn--p1ai
xn--b1agatafrepfl.xn--p1ai
xn--b1agpaeoen.xn--p1ai
xn--b1agzk.xn--p1ai
xn--b1agzk9c.xn--p1ai
xn--c1acbl2abdlkab1og.xn--p1ai
xn--c1avg
xn--d1abkf4ap.fun
xn--d1acchc3adyj9k.xn--p1ai
xn--d1acj3b
xn--d1acpjx3f.xn--p1ai
xn--d1aqf.xn--p1ai
xn--e1adjldbbpv.xn--90ais
xn--e1aigb.xn--p1ai
xn--h1ao.site
xn--p1acf
xn--p1ai
xray.mail.ru
ya.cc
ya.ru
yabro-wbplugin.edadeal.yandex.ru
yabs.yandex.ru
yads.tech
yaklass.ru
yakutia.ru
yamal.ru
yanao.ru
yandex
yandex-bank.net
yandex-metrica.ru
yandex-team.ru
yandex.aero
yandex.asia
yandex.az
yandex.by
yandex.cloud
yandex.co.il
yandex.com
yandex.com.am
yandex.com.ge
yandex.com.ru
yandex.com.tr
yandex.com.ua
yandex.de
yandex.ee
yandex.eu
yandex.fi
yandex.fr
yandex.it
yandex.jobs
yandex.kg
yandex.kz
yandex.lt
yandex.lv
yandex.md
yandex.mobi
yandex.net
yandex.org
yandex.pl
yandex.ru
yandex.st
yandex.sx
yandex.tj
yandex.tm
yandex.tr
yandex.ua
yandex.uz
yandexadexchange.net
yandexcloud.net
yandexcom.net
yandexgo.com
yandexlyceum.ru
yandexmetrica.com
yandexwebcache.net
yandexwebcache.org
yango-ads.com
yango-b2b.com
yango-team.com
yango-tech.com
yango.africa
yango.ao
yango.bh
yango.co.il
yango.com
yango.fi
yango.qa
yango.taxi
yango.tech
yangofellowship.com
yap.ru
yapfiles.ru
yaplakal.com
yaroslavl.ru
yastat.net
yastatic-net.ru
yastatic.net
yccdn.ru
yclients.com
yndx.net
yoobusiness.ru
yota.ru
yotagamer.ru
youla.io
youla.ru
yourgood.app
yummy.drom.ru
yuzhno-sakhalinsk.ru
zabedu.ru
zarplata.ru
zdrav10.ru
zdravcity.ru
zen-yabro-morda.mediascope.mc.yandex.ru
zen.yandex.com
zen.yandex.net
zen.yandex.ru
zenit-card.ru
zenit.ru
ziraatbank.ru
zte.home
zub.ru
zvuk-b2b.com
zvuk.com
